// Jest Snapshot v1, https://goo.gl/fbAQLP

exports[`LoadingPage Renders link to Google 1`] = `
<WithStyles(ForwardRef(Grid))
  alignItems="center"
  container={true}
  data-test="Souf"
  direction="column"
  justify="center"
  spacing={0}
  style={
    Object {
      "minHeight": "100vh",
    }
  }
>
  <WithStyles(ForwardRef(Grid))
    data-test="innerGrid"
    item={true}
    xs={3}
  >
    <Spinner
      color="#24292e"
      data-test="spinner"
      fadeIn="full"
      name="ball-grid-beat"
      noFadeIn={false}
      overrideSpinnerClassName=""
    />
  </WithStyles(ForwardRef(Grid))>
</WithStyles(ForwardRef(Grid))>
`;

exports[`LoadingPage Renders link to Google with classname 1`] = `
<WithStyles(ForwardRef(Grid))
  alignItems="center"
  container={true}
  data-test="Souf"
  direction="column"
  justify="center"
  spacing={0}
  style={
    Object {
      "minHeight": "100vh",
    }
  }
>
  <WithStyles(ForwardRef(Grid))
    data-test="innerGrid"
    item={true}
    xs={3}
  >
    <Spinner
      color="#24292e"
      data-test="spinner"
      fadeIn="full"
      name="ball-grid-beat"
      noFadeIn={false}
      overrideSpinnerClassName=""
    />
  </WithStyles(ForwardRef(Grid))>
</WithStyles(ForwardRef(Grid))>
`;
